Microchip MPLAB XC8 Compiler V3.10

Linker command line:

-W-3 \
  --edf=C:\Program Files\Microchip\xc8\v3.10\pic\dat\20250813170317_en.msgs \
  -cn -h+dist/default/production\ECU3.X.production.sym \
  --cmf=dist/default/production\ECU3.X.production.cmf -z -Q18F4580 \
  -oC:\Users\vrajk\AppData\Local\Temp\xcAs7xk.0\driver_tmp_3.o \
  --defsym=__MPLAB_BUILD=1 --fixupoverflow=error \
  -Mdist/default/production/ECU3.X.production.map \
  --md=C:\Users\vrajk\AppData\Local\Temp\xcAs7xk.0\driver_tmp_0.dat -E1 \
  -ver=XC8 Compiler -ACODE=00h-03000h -ACONST=00h-03000h \
  -ASMALLCONST=0600h-06FFhx42,03000h-03000h -AMEDIUMCONST=0600h-03000h \
  -ACOMRAM=01h-05Fh -AABS1=00h-05FFh -ABIGRAM=01h-05FFh \
  -ARAM=060h-0FFh,0100h-01FFhx5 -ABANK0=060h-0FFh -ABANK1=0100h-01FFh \
  -ABANK2=0200h-02FFh -ABANK3=0300h-03FFh -ABANK4=0400h-04FFh \
  -ABANK5=0500h-05FFh -ASFR=0D00h-0DFFhx2,0F00h-0F5Fh,0F60h-0FFFh \
  -ABIGSFR=0D00h-0FFFh -ACONFIG=0300000h-030000Dh -AIDLOC=0200000h-0200007h \
  -AEEDATA=0F00000h-0F000FFh -peeprom_data=EEDATA \
  -preset_vec=00h,intcode=8h,intcodelo=18h,sivt_lo,sivt_hi=CODE \
  -ppowerup=CODE,init -pramtop=0600h -psmallconst=SMALLCONST \
  -pmediumconst=MEDIUMCONST -pconst=CONST -AFARRAM=00h-00h \
  -prdata=COMRAM,nvrram=COMRAM,nvbit=COMRAM,rbss=COMRAM,rbit=COMRAM \
  -pfarbss=FARRAM,fardata=FARRAM,nvFARRAM=FARRAM \
  -pintsave_regs=BIGRAM,bigbss=BIGRAM,bigdata=BIGRAM -pbss=RAM \
  -pidata=CODE,irdata=CODE,ibigdata=CODE,ifardata=CODE -prparam=COMRAM \
  C:\Users\vrajk\AppData\Local\Temp\xcAs7xk.0\driver_tmp_9.o \
  dist/default/production\ECU3.X.production.o 

Object code version is 3.11

Machine type is 18F4580



                Name                               Link     Load   Length Selector   Space Scale
C:\Users\vrajk\AppData\Local\Temp\xcAs7xk.0\driver_tmp_9.o
                init                                  E        E        4        4       0
                reset_vec                             0        0        4        0       0
dist/default/production\ECU3.X.production.o
                intcode                               8        8        6        4       0
                mediumconst                        2FCE     2FCE       32     17E7       0
                intcode_body                        6F6      6F6       58        4       0
                text18                              88C      88C       32        4       0
                text17                              50E      50E       A0        4       0
                text16                              81E      81E       3A        4       0
                text15                              79E      79E       44        4       0
                text14                              8BE      8BE       28        4       0
                text13                               12       12      170        4       0
                text12                              620      620       72        4       0
                text11                              692      692       64        4       0
                text10                              8E6      8E6       18        4       0
                text9                               182      182       C8        4       0
                text8                               24A      24A       C0        4       0
                text7                               3BA      3BA       AE        4       0
                text6                               5AE      5AE       72        4       0
                text5                               30A      30A       B0        4       0
                text4                               7E2      7E2       3C        4       0
                text3                               468      468       A6        4       0
                text2                               914      914       16        4       0
                text1                               8FE      8FE       16        4       0
                text0                               74E      74E       50        4       0
                cstackCOMRAM                          2        2       23        2       1
                dataCOMRAM                           25       25       10        2       1
                bssCOMRAM                            35       35        3        2       1
                cinit                               858      858       34        4       0
                idataCOMRAM                         92A      92A       10        4       0

TOTAL           Name                               Link     Load   Length     Space
        CLASS   CODE           
                intcode                               8        8        6         0
                init                                  E        E        4         0
                reset_vec                             0        0        4         0
                intcode_body                        6F6      6F6       58         0
                text18                              88C      88C       32         0
                text17                              50E      50E       A0         0
                text16                              81E      81E       3A         0
                text15                              79E      79E       44         0
                text14                              8BE      8BE       28         0
                text13                               12       12      170         0
                text12                              620      620       72         0
                text11                              692      692       64         0
                text10                              8E6      8E6       18         0
                text9                               182      182       C8         0
                text8                               24A      24A       C0         0
                text7                               3BA      3BA       AE         0
                text6                               5AE      5AE       72         0
                text5                               30A      30A       B0         0
                text4                               7E2      7E2       3C         0
                text3                               468      468       A6         0
                text2                               914      914       16         0
                text1                               8FE      8FE       16         0
                text0                               74E      74E       50         0
                cinit                               858      858       34         0
                idataCOMRAM                         92A      92A       10         0

        CLASS   CONST          

        CLASS   SMALLCONST     

        CLASS   MEDIUMCONST    
                mediumconst                        2FCE     2FCE       32         0

        CLASS   COMRAM         
                cstackCOMRAM                          2        2       23         1
                dataCOMRAM                           25       25       10         1
                bssCOMRAM                            35       35        3         1

        CLASS   ABS1           
                abs_s1                                1        1        1         1

        CLASS   BIGRAM         

        CLASS   RAM            

        CLASS   BANK0          

        CLASS   BANK1          

        CLASS   BANK2          

        CLASS   BANK3          

        CLASS   BANK4          

        CLASS   BANK5          

        CLASS   SFR            

        CLASS   BIGSFR         

        CLASS   CONFIG         

        CLASS   IDLOC          

        CLASS   EEDATA         

        CLASS   FARRAM         

        CLASS   HEAP           

        CLASS   STACK          



SEGMENTS        Name                           Load    Length   Top    Selector   Space  Class

                reset_vec                      000000  000004  000004         0       0  CODE    
                cstackCOMRAM                   000002  000036  000038         2       1  COMRAM  
                intcode                        000008  000932  00093A         4       0  CODE    
                mediumconst                    002FCE  000032  003000      17E7       0  MEDIUMCO


UNUSED ADDRESS RANGES

        Name                Unused          Largest block    Delta
        BANK0            0060-00FF             A0
        BANK1            0100-01FF            100
        BANK2            0200-02FF            100
        BANK3            0300-03FF            100
        BANK4            0400-04FF            100
        BANK5            0500-05FF            100
        BIGRAM           0038-05FF            5C8
        BIGSFR           0D00-0FFF            300
        CODE             0004-0007              4
                         093A-2FCD           2694
                         3000-3000              1
        COMRAM           0038-005F             28
        CONFIG           300000-30000D              E
        CONST            0004-0007              4
                         093A-2FCD           2694
                         3000-3000              1
        EEDATA           F00000-F000FF            100
        IDLOC            200000-200007              8
        MEDIUMCONST      093A-2FCD           2694
                         3000-3000              1
        RAM              0060-05FF            100
        SFR              0D00-0FFF            100
        SMALLCONST       093A-2FCD            100
                         3000-3000              1

                                  Symbol Table

?___awdiv                      cstackCOMRAM 0002
?___awmod                      cstackCOMRAM 000A
?___lwdiv                      cstackCOMRAM 0002
?___lwmod                      cstackCOMRAM 0009
?_can_receive                  cstackCOMRAM 0008
?_get_msg_id_std               cstackCOMRAM 0002
_BRGCON1                       (abs)        0F70
_BRGCON2                       (abs)        0F71
_BRGCON3                       (abs)        0F72
_CANCON                        (abs)        0F6F
_CANSTAT                       (abs)        0F6E
_ECANCON                       (abs)        0F77
_GIE                           (abs)        7F97
_PEIE                          (abs)        7F96
_PORTD                         (abs)        0F83
_PSA                           (abs)        7EAB
_RB0                           (abs)        7C08
_RB7                           (abs)        7C0F
_RC0                           (abs)        7C10
_RC1                           (abs)        7C11
_RC2                           (abs)        7C12
_RD7                           (abs)        7C1F
_RXB0CON                       (abs)        0F60
_RXB0CONbits                   (abs)        0F60
_RXB0D0                        (abs)        0F66
_RXB0DLC                       (abs)        0F65
_RXB0FUL                       (abs)        7B07
_RXB0IF                        (abs)        7D20
_RXB0SIDH                      (abs)        0F61
_RXB0SIDL                      (abs)        0F62
_RXFCON0                       (abs)        0DD4
_T0CS                          (abs)        7EAD
_TMR0                          (abs)        0FD6
_TMR0IE                        (abs)        7F95
_TMR0IF                        (abs)        7F92
_TMR0ON                        (abs)        7EAF
_TRISB0                        (abs)        7C98
_TRISB2                        (abs)        7C9A
_TRISB3                        (abs)        7C9B
_TRISB7                        (abs)        7C9F
_TRISC                         (abs)        0F94
_TRISD                         (abs)        0F95
_TRISD7                        (abs)        7CAF
_TXB0D0                        (abs)        0F46
_TXB0DLC                       (abs)        0F45
_TXB0EIDH                      (abs)        0F43
_TXB0EIDL                      (abs)        0F44
_TXB0REQ                       (abs)        7A03
_TXB0SIDH                      (abs)        0F41
_TXB0SIDL                      (abs)        0F42
__HRAM                         (abs)        0000
__H__absolute__                __absolute__ 0000
__Habs1                        abs1         0000
__Hbank0                       bank0        0000
__Hbank1                       bank1        0000
__Hbank2                       bank2        0000
__Hbank3                       bank3        0000
__Hbank4                       bank4        0000
__Hbank5                       bank5        0000
__Hbigbss                      bigbss       0000
__Hbigdata                     bigdata      0000
__Hbigram                      bigram       0000
__Hbigsfr                      bigsfr       0000
__Hbss                         bss          0000
__HbssCOMRAM                   bssCOMRAM    0000
__Hcinit                       cinit        0000
__Hclrtext                     clrtext      0000
__Hcomram                      comram       0000
__Hconfig                      config       0000
__Hconst                       const        0000
__HcstackCOMRAM                cstackCOMRAM 0000
__Hdata                        data         0000
__HdataCOMRAM                  dataCOMRAM   0000
__Heeprom_data                 eeprom_data  0000
__Hfarbss                      farbss       0000
__Hfardata                     fardata      0000
__Hheap                        heap         0000
__Hibigdata                    ibigdata     0000
__Hidata                       idata        0000
__HidataCOMRAM                 idataCOMRAM  0000
__Hidloc                       idloc        0000
__Hifardata                    ifardata     0000
__Hinit                        init         0012
__Hintcode                     intcode      000E
__Hintcode_body                intcode_body 0000
__Hintcodelo                   intcodelo    0018
__Hintentry                    intentry     0000
__Hintret                      intret       0000
__Hintsave_regs                intsave_regs 0000
__Hirdata                      irdata       0000
__Hmediumconst                 mediumconst  3000
__HnvFARRAM                    nvFARRAM     0000
__Hnvbit                       nvbit        0000
__Hnvrram                      nvrram       0000
__Hparam                       rparam       0000
__Hpowerup                     powerup      0000
__Hram                         ram          0000
__Hramtop                      ramtop       0600
__Hrbit                        rbit         0000
__Hrbss                        rbss         0000
__Hrdata                       rdata        0000
__Hreset_vec                   reset_vec    0004
__Hrparam                      rparam       0000
__Hsfr                         sfr          0000
__Hsivt_hi                     sivt_hi      0000
__Hsivt_lo                     sivt_lo      0018
__Hsmallconst                  smallconst   0000
__Hspace_0                     (abs)        3000
__Hspace_1                     (abs)        0038
__Hspace_2                     (abs)        0000
__Hspace_4                     (abs)        0000
__Hstack                       stack        0000
__Hstruct                      struct       0000
__Htemp                        temp         0000
__Htext                        text         0000
__Htext0                       text0        0000
__Htext1                       text1        0000
__Htext10                      text10       0000
__Htext11                      text11       0000
__Htext12                      text12       0000
__Htext13                      text13       0000
__Htext14                      text14       0000
__Htext15                      text15       0000
__Htext16                      text16       0000
__Htext17                      text17       0000
__Htext18                      text18       0000
__Htext2                       text2        0000
__Htext3                       text3        0000
__Htext4                       text4        0000
__Htext5                       text5        0000
__Htext6                       text6        0000
__Htext7                       text7        0000
__Htext8                       text8        0000
__Htext9                       text9        0000
__LRAM                         (abs)        0001
__L__absolute__                __absolute__ 0000
__Labs1                        abs1         0000
__Lbank0                       bank0        0000
__Lbank1                       bank1        0000
__Lbank2                       bank2        0000
__Lbank3                       bank3        0000
__Lbank4                       bank4        0000
__Lbank5                       bank5        0000
__Lbigbss                      bigbss       0000
__Lbigdata                     bigdata      0000
__Lbigram                      bigram       0000
__Lbigsfr                      bigsfr       0000
__Lbss                         bss          0000
__LbssCOMRAM                   bssCOMRAM    0000
__Lcinit                       cinit        0000
__Lclrtext                     clrtext      0000
__Lcomram                      comram       0000
__Lconfig                      config       0000
__Lconst                       const        0000
__LcstackCOMRAM                cstackCOMRAM 0000
__Ldata                        data         0000
__LdataCOMRAM                  dataCOMRAM   0000
__Leeprom_data                 eeprom_data  0000
__Lfarbss                      farbss       0000
__Lfardata                     fardata      0000
__Lheap                        heap         0000
__Libigdata                    ibigdata     0000
__Lidata                       idata        0000
__LidataCOMRAM                 idataCOMRAM  0000
__Lidloc                       idloc        0000
__Lifardata                    ifardata     0000
__Linit                        init         000E
__Lintcode                     intcode      0008
__Lintcode_body                intcode_body 0000
__Lintcodelo                   intcodelo    0018
__Lintentry                    intentry     0000
__Lintret                      intret       0000
__Lintsave_regs                intsave_regs 0000
__Lirdata                      irdata       0000
__Lmediumconst                 mediumconst  2FCE
__LnvFARRAM                    nvFARRAM     0000
__Lnvbit                       nvbit        0000
__Lnvrram                      nvrram       0000
__Lparam                       rparam       0000
__Lpowerup                     powerup      0000
__Lram                         ram          0000
__Lramtop                      ramtop       0600
__Lrbit                        rbit         0000
__Lrbss                        rbss         0000
__Lrdata                       rdata        0000
__Lreset_vec                   reset_vec    0000
__Lrparam                      rparam       0000
__Lsfr                         sfr          0000
__Lsivt_hi                     sivt_hi      0000
__Lsivt_lo                     sivt_lo      0018
__Lsmallconst                  smallconst   0000
__Lspace_0                     (abs)        0000
__Lspace_1                     (abs)        0000
__Lspace_2                     (abs)        0000
__Lspace_4                     (abs)        0000
__Lstack                       stack        0000
__Lstruct                      struct       0000
__Ltemp                        temp         0000
__Ltext                        text         0000
__Ltext0                       text0        0000
__Ltext1                       text1        0000
__Ltext10                      text10       0000
__Ltext11                      text11       0000
__Ltext12                      text12       0000
__Ltext13                      text13       0000
__Ltext14                      text14       0000
__Ltext15                      text15       0000
__Ltext16                      text16       0000
__Ltext17                      text17       0000
__Ltext18                      text18       0000
__Ltext2                       text2        0000
__Ltext3                       text3        0000
__Ltext4                       text4        0000
__Ltext5                       text5        0000
__Ltext6                       text6        0000
__Ltext7                       text7        0000
__Ltext8                       text8        0000
__Ltext9                       text9        0000
__S0                           (abs)        3000
__S1                           (abs)        0038
__S4                           (abs)        0000
__S5                           (abs)        0000
___awdiv                       text8        024A
___awdiv@counter               cstackCOMRAM 0006
___awdiv@dividend              cstackCOMRAM 0002
___awdiv@divisor               cstackCOMRAM 0004
___awdiv@quotient              cstackCOMRAM 0008
___awdiv@sign                  cstackCOMRAM 0007
___awmod                       text7        03BA
___awmod@counter               cstackCOMRAM 000E
___awmod@dividend              cstackCOMRAM 000A
___awmod@divisor               cstackCOMRAM 000C
___awmod@sign                  cstackCOMRAM 000F
___heap_hi                     (abs)        0000
___heap_lo                     (abs)        0000
___inthi_sp                    stack        0000
___inthi_stack_hi              stack        0000
___inthi_stack_lo              stack        0000
___intlo_sp                    stack        0000
___intlo_stack_hi              stack        0000
___intlo_stack_lo              stack        0000
___lwdiv                       text12       0620
___lwdiv@counter               cstackCOMRAM 0008
___lwdiv@dividend              cstackCOMRAM 0002
___lwdiv@divisor               cstackCOMRAM 0004
___lwdiv@quotient              cstackCOMRAM 0006
___lwmod                       text11       0692
___lwmod@counter               cstackCOMRAM 000D
___lwmod@dividend              cstackCOMRAM 0009
___lwmod@divisor               cstackCOMRAM 000B
___param_bank                  (abs)        0000
___rparam_used                 (abs)        0001
___sp                          stack        0000
___stack_hi                    stack        0000
___stack_lo                    stack        0000
__accesstop                    (abs)        0060
__activetblptr                 (abs)        0002
__end_of___awdiv               text8        030A
__end_of___awmod               text7        0468
__end_of___lwdiv               text12       0692
__end_of___lwmod               text11       06F6
__end_of__initialization       cinit        087E
__end_of_can_display           text5        03BA
__end_of_can_receive           text17       05AE
__end_of_clcd_print            text15       07E2
__end_of_clcd_putch            text10       08FE
__end_of_clcd_write            text16       0858
__end_of_display_gear          text14       08E6
__end_of_display_indicator     text13       0182
__end_of_display_rpm           text9        024A
__end_of_display_speed         text6        0620
__end_of_get_msg_id_std        text18       08BE
__end_of_init_can              text4        081E
__end_of_init_clcd             text3        050E
__end_of_init_config           text1        0914
__end_of_init_timer0           text2        092A
__end_of_isr                   intcode_body 074E
__end_of_main                  text0        079E
__initialization               cinit        0858
__mediumconst                  mediumconst  2FCE
__pbssCOMRAM                   bssCOMRAM    0035
__pcinit                       cinit        0858
__pcstackCOMRAM                cstackCOMRAM 0002
__pdataCOMRAM                  dataCOMRAM   0025
__pidataCOMRAM                 idataCOMRAM  092A
__pintcode                     intcode      0008
__pintcode_body                intcode_body 06F6
__pmediumconst                 mediumconst  2FCE
__ptext0                       text0        074E
__ptext1                       text1        08FE
__ptext10                      text10       08E6
__ptext11                      text11       0692
__ptext12                      text12       0620
__ptext13                      text13       0012
__ptext14                      text14       08BE
__ptext15                      text15       079E
__ptext16                      text16       081E
__ptext17                      text17       050E
__ptext18                      text18       088C
__ptext2                       text2        0914
__ptext3                       text3        0468
__ptext4                       text4        07E2
__ptext5                       text5        030A
__ptext6                       text6        05AE
__ptext7                       text7        03BA
__ptext8                       text8        024A
__ptext9                       text9        0182
__ramtop                       ramtop       0600
__smallconst                   mediumconst  2FCE
_can_display                   text5        030A
_can_receive                   text17       050E
_clcd_print                    text15       079E
_clcd_putch                    text10       08E6
_clcd_write                    text16       081E
_display_gear                  text14       08BE
_display_indicator             text13       0012
_display_rpm                   text9        0182
_display_speed                 text6        05AE
_gear_msg                      dataCOMRAM   0025
_get_msg_id_std                text18       088C
_init_can                      text4        07E2
_init_clcd                     text3        0468
_init_config                   text1        08FE
_init_timer0                   text2        0914
_isr                           intcode      0008
_led_state                     bssCOMRAM    0037
_main                          text0        074E
btemp                          (abs)        0001
btemp0                         (abs)        0001
btemp1                         (abs)        0002
can_display@data               cstackCOMRAM 001A
can_display@len                cstackCOMRAM 0024
can_display@msg_id             cstackCOMRAM 0022
can_receive@data               cstackCOMRAM 0009
can_receive@i                  cstackCOMRAM 0010
can_receive@len                cstackCOMRAM 000A
can_receive@msg_id             cstackCOMRAM 0008
can_receive@ptr                cstackCOMRAM 000E
clcd_print@addr                cstackCOMRAM 0006
clcd_print@data                cstackCOMRAM 0004
clcd_putch@addr                cstackCOMRAM 0010
clcd_putch@data                cstackCOMRAM 0011
clcd_write@byte                cstackCOMRAM 0003
clcd_write@control_bit         cstackCOMRAM 0002
display_gear@data              cstackCOMRAM 0007
display_gear@len               cstackCOMRAM 0008
display_gear@rx_gear           cstackCOMRAM 0009
display_indicator@data         cstackCOMRAM 0007
display_indicator@len          cstackCOMRAM 0008
display_indicator@rx_indicator cstackCOMRAM 0009
display_rpm@data               cstackCOMRAM 0012
display_rpm@len                cstackCOMRAM 0013
display_rpm@rx_rpm             cstackCOMRAM 0018
display_speed@data             cstackCOMRAM 0012
display_speed@len              cstackCOMRAM 0013
display_speed@rx_speed         cstackCOMRAM 0014
end_of_initialization          cinit        087E
int$flags                      (abs)        0001
int_func                       intcode_body 06F6
intlevel0                      text         0000
intlevel1                      text         0000
intlevel2                      text         0000
intlevel3                      text         0000
isa$std                        (abs)        0001
isa$xinst                      (abs)        0000
isr@blink_tick                 bssCOMRAM    0035
stackhi                        (abs)        0000
stacklo                        (abs)        0000
start                          init         000E
start_initialization           cinit        0858


MODULE INFORMATION

Module		Function		Class		Link	Load	Size
C:\Program Files\Microchip\xc8\v3.10\pic\sources\c99\common\lwmod.c
		___lwmod       		CODE           	0692	0000	100

C:\Program Files\Microchip\xc8\v3.10\pic\sources\c99\common\lwmod.c estimated size: 100

C:\Program Files\Microchip\xc8\v3.10\pic\sources\c99\common\awmod.c
		___awmod       		CODE           	03BA	0000	174

C:\Program Files\Microchip\xc8\v3.10\pic\sources\c99\common\awmod.c estimated size: 174

timer0.c
		_init_timer0   		CODE           	0914	0000	22
		_isr           		CODE           	0008	0000	94

timer0.c estimated size: 116

C:\Program Files\Microchip\xc8\v3.10\pic\sources\c99\common\lwdiv.c
		___lwdiv       		CODE           	0620	0000	114

C:\Program Files\Microchip\xc8\v3.10\pic\sources\c99\common\lwdiv.c estimated size: 114

C:\Program Files\Microchip\xc8\v3.10\pic\sources\c99\common\awdiv.c
		___awdiv       		CODE           	024A	0000	192

C:\Program Files\Microchip\xc8\v3.10\pic\sources\c99\common\awdiv.c estimated size: 192

source.c
		_display_rpm   		CODE           	0182	0000	200
		_display_gear  		CODE           	08BE	0000	40
		_display_speed 		CODE           	05AE	0000	114
		_display_indicator		CODE           	0012	0000	368
		_can_display   		CODE           	030A	0000	176

source.c estimated size: 898

shared
		__initialization		CODE           	0858	0000	38

shared estimated size: 38

clcd.c
		_clcd_write    		CODE           	081E	0000	58
		_clcd_print    		CODE           	079E	0000	68
		_clcd_putch    		CODE           	08E6	0000	24
		_init_clcd     		CODE           	0468	0000	166

clcd.c estimated size: 316

can.c
		_init_can      		CODE           	07E2	0000	60
		_can_receive   		CODE           	050E	0000	160
		_get_msg_id_std		CODE           	088C	0000	50

can.c estimated size: 270

main.c
		_main          		CODE           	074E	0000	80
		_init_config   		CODE           	08FE	0000	22

main.c estimated size: 102

