Microchip MPLAB XC8 Compiler V3.10

Linker command line:

-W-3 \
  --edf=C:\Program Files\Microchip\xc8\v3.10\pic\dat\20250813170317_en.msgs \
  -cn -h+dist/default/production\ECU2.X.production.sym \
  --cmf=dist/default/production\ECU2.X.production.cmf -z -Q18F4580 \
  -oC:\Users\vrajk\AppData\Local\Temp\xcAs5eo.0\driver_tmp_3.o \
  --defsym=__MPLAB_BUILD=1 --fixupoverflow=error \
  -Mdist/default/production/ECU2.X.production.map \
  --md=C:\Users\vrajk\AppData\Local\Temp\xcAs5eo.0\driver_tmp_0.dat -E1 \
  -ver=XC8 Compiler -ACODE=00h-03000h -ACONST=00h-03000h \
  -ASMALLCONST=0600h-06FFhx42,03000h-03000h -AMEDIUMCONST=0600h-03000h \
  -ACOMRAM=01h-05Fh -AABS1=00h-05FFh -ABIGRAM=01h-05FFh \
  -ARAM=060h-0FFh,0100h-01FFhx5 -ABANK0=060h-0FFh -ABANK1=0100h-01FFh \
  -ABANK2=0200h-02FFh -ABANK3=0300h-03FFh -ABANK4=0400h-04FFh \
  -ABANK5=0500h-05FFh -ASFR=0D00h-0DFFhx2,0F00h-0F5Fh,0F60h-0FFFh \
  -ABIGSFR=0D00h-0FFFh -ACONFIG=0300000h-030000Dh -AIDLOC=0200000h-0200007h \
  -AEEDATA=0F00000h-0F000FFh -peeprom_data=EEDATA \
  -preset_vec=00h,intcode=8h,intcodelo=18h,sivt_lo,sivt_hi=CODE \
  -ppowerup=CODE,init -pramtop=0600h -psmallconst=SMALLCONST \
  -pmediumconst=MEDIUMCONST -pconst=CONST -AFARRAM=00h-00h \
  -prdata=COMRAM,nvrram=COMRAM,nvbit=COMRAM,rbss=COMRAM,rbit=COMRAM \
  -pfarbss=FARRAM,fardata=FARRAM,nvFARRAM=FARRAM \
  -pintsave_regs=BIGRAM,bigbss=BIGRAM,bigdata=BIGRAM -pbss=RAM \
  -pidata=CODE,irdata=CODE,ibigdata=CODE,ifardata=CODE -prparam=COMRAM \
  C:\Users\vrajk\AppData\Local\Temp\xcAs5eo.0\driver_tmp_9.o \
  dist/default/production\ECU2.X.production.o 

Object code version is 3.11

Machine type is 18F4580



                Name                               Link     Load   Length Selector   Space Scale
C:\Users\vrajk\AppData\Local\Temp\xcAs5eo.0\driver_tmp_9.o
                init                               2FFC     2FFC        4     17FE       0
                reset_vec                             0        0        4        0       0
dist/default/production\ECU2.X.production.o
                smallconst                          600      600        2      300       0
                text15                             132A     132A       3C      301       0
                text14                             11E0     11E0       6E      301       0
                text13                             1366     1366       26      301       0
                text12                              A28      A28      38E      301       0
                text11                              602      602      426      301       0
                text10                              F6A      F6A      106      301       0
                text9                               DB6      DB6      1B4      301       0
                text8                              12A8     12A8       46      301       0
                text7                              1070     1070       8E      301       0
                text6                              138C     138C       1C      301       0
                text5                              12EE     12EE       3C      301       0
                text4                              13D0     13D0        8      301       0
                text3                              13C2     13C2        E      301       0
                text2                              10FE     10FE       74      301       0
                text1                              1172     1172       6E      301       0
                text0                              124E     124E       5A      301       0
                cstackCOMRAM                          1        1       53        1       1
                dataCOMRAM                           55       55        1        1       1
                bssCOMRAM                            54       54        1        1       1
                cinit                              13A8     13A8       1A      301       0
                idataCOMRAM                        3000     3000        1     17FE       0

TOTAL           Name                               Link     Load   Length     Space
        CLASS   CODE           
                init                               2FFC     2FFC        4         0
                reset_vec                             0        0        4         0
                text15                             132A     132A       3C         0
                text14                             11E0     11E0       6E         0
                text13                             1366     1366       26         0
                text12                              A28      A28      38E         0
                text11                              602      602      426         0
                text10                              F6A      F6A      106         0
                text9                               DB6      DB6      1B4         0
                text8                              12A8     12A8       46         0
                text7                              1070     1070       8E         0
                text6                              138C     138C       1C         0
                text5                              12EE     12EE       3C         0
                text4                              13D0     13D0        8         0
                text3                              13C2     13C2        E         0
                text2                              10FE     10FE       74         0
                text1                              1172     1172       6E         0
                text0                              124E     124E       5A         0
                cinit                              13A8     13A8       1A         0
                idataCOMRAM                        3000     3000        1         0

        CLASS   CONST          

        CLASS   SMALLCONST     
                smallconst                          600      600        2         0

        CLASS   MEDIUMCONST    

        CLASS   COMRAM         
                cstackCOMRAM                          1        1       53         1
                dataCOMRAM                           55       55        1         1
                bssCOMRAM                            54       54        1         1

        CLASS   ABS1           

        CLASS   BIGRAM         

        CLASS   RAM            

        CLASS   BANK0          

        CLASS   BANK1          

        CLASS   BANK2          

        CLASS   BANK3          

        CLASS   BANK4          

        CLASS   BANK5          

        CLASS   SFR            

        CLASS   BIGSFR         

        CLASS   CONFIG         

        CLASS   IDLOC          

        CLASS   EEDATA         

        CLASS   FARRAM         

        CLASS   HEAP           

        CLASS   STACK          



SEGMENTS        Name                           Load    Length   Top    Selector   Space  Class

                reset_vec                      000000  000004  000004         0       0  CODE    
                cstackCOMRAM                   000001  000055  000056         1       1  COMRAM  
                smallconst                     000600  000002  000602       300       0  SMALLCON
                text11                         000602  000DD6  0013D8       301       0  CODE    
                init                           002FFC  000005  003001      17FE       0  CODE    


UNUSED ADDRESS RANGES

        Name                Unused          Largest block    Delta
        BANK0            0060-00FF             A0
        BANK1            0100-01FF            100
        BANK2            0200-02FF            100
        BANK3            0300-03FF            100
        BANK4            0400-04FF            100
        BANK5            0500-05FF            100
        BIGRAM           0056-05FF            5AA
        BIGSFR           0D00-0FFF            300
        CODE             0004-05FF            5FC
                         13D8-2FFB           1C24
        COMRAM           0056-005F              A
        CONFIG           300000-30000D              E
        CONST            0004-05FF            5FC
                         13D8-2FFB           1C24
        EEDATA           F00000-F000FF            100
        IDLOC            200000-200007              8
        MEDIUMCONST      13D8-2FFB           1C24
        RAM              0060-05FF            100
        SFR              0D00-0FFF            100
        SMALLCONST       13D8-2FFB            100

                                  Symbol Table

?___fldiv                          cstackCOMRAM 000F
?___flmul                          cstackCOMRAM 0028
?___fltol                          cstackCOMRAM 0041
?___xxtofl                         cstackCOMRAM 0001
?_get_rpm                          cstackCOMRAM 004B
?_read_adc                         cstackCOMRAM 0001
_ACQT0                             (abs)        7E03
_ACQT1                             (abs)        7E04
_ACQT2                             (abs)        7E05
_ADCON0                            (abs)        0FC2
_ADCS0                             (abs)        7E00
_ADCS1                             (abs)        7E01
_ADCS2                             (abs)        7E02
_ADFM                              (abs)        7E07
_ADON                              (abs)        7E10
_ADRESH                            (abs)        0FC4
_ADRESL                            (abs)        0FC3
_BRGCON1                           (abs)        0F70
_BRGCON2                           (abs)        0F71
_BRGCON3                           (abs)        0F72
_CANCON                            (abs)        0F6F
_CANSTAT                           (abs)        0F6E
_ECANCON                           (abs)        0F77
_GO                                (abs)        7E11
_GODONE                            (abs)        7E11
_PORTC                             (abs)        0F82
_RXB0CON                           (abs)        0F60
_RXB0CONbits                       (abs)        0F60
_RXB0D0                            (abs)        0F66
_RXB0DLC                           (abs)        0F65
_RXB0FUL                           (abs)        7B07
_RXB0IF                            (abs)        7D20
_RXB0SIDH                          (abs)        0F61
_RXB0SIDL                          (abs)        0F62
_RXFCON0                           (abs)        0DD4
_TRISB2                            (abs)        7C9A
_TRISB3                            (abs)        7C9B
_TRISC                             (abs)        0F94
_TXB0D0                            (abs)        0F46
_TXB0DLC                           (abs)        0F45
_TXB0EIDH                          (abs)        0F43
_TXB0EIDL                          (abs)        0F44
_TXB0REQ                           (abs)        7A03
_TXB0SIDH                          (abs)        0F41
_TXB0SIDL                          (abs)        0F42
_VCFG0                             (abs)        7E0C
_VCFG1                             (abs)        7E0D
__HRAM                             (abs)        0000
__H__absolute__                    __absolute__ 0000
__Habs1                            abs1         0000
__Hbank0                           bank0        0000
__Hbank1                           bank1        0000
__Hbank2                           bank2        0000
__Hbank3                           bank3        0000
__Hbank4                           bank4        0000
__Hbank5                           bank5        0000
__Hbigbss                          bigbss       0000
__Hbigdata                         bigdata      0000
__Hbigram                          bigram       0000
__Hbigsfr                          bigsfr       0000
__Hbss                             bss          0000
__HbssCOMRAM                       bssCOMRAM    0000
__Hcinit                           cinit        0000
__Hclrtext                         clrtext      0000
__Hcomram                          comram       0000
__Hconfig                          config       0000
__Hconst                           const        0000
__HcstackCOMRAM                    cstackCOMRAM 0000
__Hdata                            data         0000
__HdataCOMRAM                      dataCOMRAM   0000
__Heeprom_data                     eeprom_data  0000
__Hfarbss                          farbss       0000
__Hfardata                         fardata      0000
__Hheap                            heap         0000
__Hibigdata                        ibigdata     0000
__Hidata                           idata        0000
__HidataCOMRAM                     idataCOMRAM  0000
__Hidloc                           idloc        0000
__Hifardata                        ifardata     0000
__Hinit                            init         3000
__Hintcode                         intcode      0008
__Hintcode_body                    intcode_body 0000
__Hintcodelo                       intcodelo    0018
__Hintentry                        intentry     0000
__Hintret                          intret       0000
__Hintsave_regs                    intsave_regs 0000
__Hirdata                          irdata       0000
__Hmediumconst                     mediumconst  0000
__HnvFARRAM                        nvFARRAM     0000
__Hnvbit                           nvbit        0000
__Hnvrram                          nvrram       0000
__Hparam                           rparam       0000
__Hpowerup                         powerup      0000
__Hram                             ram          0000
__Hramtop                          ramtop       0600
__Hrbit                            rbit         0000
__Hrbss                            rbss         0000
__Hrdata                           rdata        0000
__Hreset_vec                       reset_vec    0004
__Hrparam                          rparam       0000
__Hsfr                             sfr          0000
__Hsivt_hi                         sivt_hi      0000
__Hsivt_lo                         sivt_lo      0018
__Hsmallconst                      smallconst   0602
__Hspace_0                         (abs)        3001
__Hspace_1                         (abs)        0056
__Hspace_2                         (abs)        0000
__Hspace_4                         (abs)        0000
__Hstack                           stack        0000
__Hstruct                          struct       0000
__Htemp                            temp         0000
__Htext                            text         0000
__Htext0                           text0        0000
__Htext1                           text1        0000
__Htext10                          text10       0000
__Htext11                          text11       0000
__Htext12                          text12       0000
__Htext13                          text13       0000
__Htext14                          text14       0000
__Htext15                          text15       0000
__Htext2                           text2        0000
__Htext3                           text3        0000
__Htext4                           text4        0000
__Htext5                           text5        0000
__Htext6                           text6        0000
__Htext7                           text7        0000
__Htext8                           text8        0000
__Htext9                           text9        0000
__LRAM                             (abs)        0001
__L__absolute__                    __absolute__ 0000
__Labs1                            abs1         0000
__Lbank0                           bank0        0000
__Lbank1                           bank1        0000
__Lbank2                           bank2        0000
__Lbank3                           bank3        0000
__Lbank4                           bank4        0000
__Lbank5                           bank5        0000
__Lbigbss                          bigbss       0000
__Lbigdata                         bigdata      0000
__Lbigram                          bigram       0000
__Lbigsfr                          bigsfr       0000
__Lbss                             bss          0000
__LbssCOMRAM                       bssCOMRAM    0000
__Lcinit                           cinit        0000
__Lclrtext                         clrtext      0000
__Lcomram                          comram       0000
__Lconfig                          config       0000
__Lconst                           const        0000
__LcstackCOMRAM                    cstackCOMRAM 0000
__Ldata                            data         0000
__LdataCOMRAM                      dataCOMRAM   0000
__Leeprom_data                     eeprom_data  0000
__Lfarbss                          farbss       0000
__Lfardata                         fardata      0000
__Lheap                            heap         0000
__Libigdata                        ibigdata     0000
__Lidata                           idata        0000
__LidataCOMRAM                     idataCOMRAM  0000
__Lidloc                           idloc        0000
__Lifardata                        ifardata     0000
__Linit                            init         2FFC
__Lintcode                         intcode      0008
__Lintcode_body                    intcode_body 0000
__Lintcodelo                       intcodelo    0018
__Lintentry                        intentry     0000
__Lintret                          intret       0000
__Lintsave_regs                    intsave_regs 0000
__Lirdata                          irdata       0000
__Lmediumconst                     mediumconst  0000
__LnvFARRAM                        nvFARRAM     0000
__Lnvbit                           nvbit        0000
__Lnvrram                          nvrram       0000
__Lparam                           rparam       0000
__Lpowerup                         powerup      0000
__Lram                             ram          0000
__Lramtop                          ramtop       0600
__Lrbit                            rbit         0000
__Lrbss                            rbss         0000
__Lrdata                           rdata        0000
__Lreset_vec                       reset_vec    0000
__Lrparam                          rparam       0000
__Lsfr                             sfr          0000
__Lsivt_hi                         sivt_hi      0000
__Lsivt_lo                         sivt_lo      0018
__Lsmallconst                      smallconst   0600
__Lspace_0                         (abs)        0000
__Lspace_1                         (abs)        0000
__Lspace_2                         (abs)        0000
__Lspace_4                         (abs)        0000
__Lstack                           stack        0000
__Lstruct                          struct       0000
__Ltemp                            temp         0000
__Ltext                            text         0000
__Ltext0                           text0        0000
__Ltext1                           text1        0000
__Ltext10                          text10       0000
__Ltext11                          text11       0000
__Ltext12                          text12       0000
__Ltext13                          text13       0000
__Ltext14                          text14       0000
__Ltext15                          text15       0000
__Ltext2                           text2        0000
__Ltext3                           text3        0000
__Ltext4                           text4        0000
__Ltext5                           text5        0000
__Ltext6                           text6        0000
__Ltext7                           text7        0000
__Ltext8                           text8        0000
__Ltext9                           text9        0000
__S0                               (abs)        3001
__S1                               (abs)        0056
__S4                               (abs)        0000
__S5                               (abs)        0000
___fldiv                           text12       0A28
___fldiv@a                         cstackCOMRAM 0013
___fldiv@aexp                      cstackCOMRAM 0027
___fldiv@b                         cstackCOMRAM 000F
___fldiv@bexp                      cstackCOMRAM 0026
___fldiv@grs                       cstackCOMRAM 0022
___fldiv@new_exp                   cstackCOMRAM 0020
___fldiv@rem                       cstackCOMRAM 001B
___fldiv@sign                      cstackCOMRAM 001F
___flmul                           text11       0602
___flmul@a                         cstackCOMRAM 002C
___flmul@aexp                      cstackCOMRAM 0039
___flmul@b                         cstackCOMRAM 0028
___flmul@bexp                      cstackCOMRAM 003A
___flmul@grs                       cstackCOMRAM 0035
___flmul@prod                      cstackCOMRAM 003B
___flmul@sign                      cstackCOMRAM 0034
___flmul@temp                      cstackCOMRAM 003F
___fltol                           text10       0F6A
___fltol@exp1                      cstackCOMRAM 004A
___fltol@f1                        cstackCOMRAM 0041
___fltol@sign1                     cstackCOMRAM 0049
___heap_hi                         (abs)        0000
___heap_lo                         (abs)        0000
___inthi_sp                        stack        0000
___inthi_stack_hi                  stack        0000
___inthi_stack_lo                  stack        0000
___intlo_sp                        stack        0000
___intlo_stack_hi                  stack        0000
___intlo_stack_lo                  stack        0000
___param_bank                      (abs)        0000
___rparam_used                     (abs)        0001
___sp                              stack        0000
___stack_hi                        stack        0000
___stack_lo                        stack        0000
___xxtofl                          text9        0DB6
___xxtofl@arg                      cstackCOMRAM 000B
___xxtofl@exp                      cstackCOMRAM 000A
___xxtofl@sign                     cstackCOMRAM 0009
___xxtofl@val                      cstackCOMRAM 0001
__accesstop                        (abs)        0060
__activetblptr                     (abs)        0000
__end_of___fldiv                   text12       0DB6
__end_of___flmul                   text11       0A28
__end_of___fltol                   text10       1070
__end_of___xxtofl                  text9        0F6A
__end_of__initialization           cinit        13BC
__end_of_can_transmit              text14       124E
__end_of_delay                     text13       138C
__end_of_get_rpm                   text7        10FE
__end_of_init_adc                  text6        13A8
__end_of_init_can                  text5        132A
__end_of_init_config               text3        13D0
__end_of_init_digital_keypad       text4        13D8
__end_of_main                      text0        12A8
__end_of_process_indicator         text1        11E0
__end_of_read_adc                  text8        12EE
__end_of_read_digital_keypad       text2        1172
__end_of_set_msg_id_std            text15       1366
__initialization                   cinit        13A8
__mediumconst                      smallconst   0600
__pbssCOMRAM                       bssCOMRAM    0054
__pcinit                           cinit        13A8
__pcstackCOMRAM                    cstackCOMRAM 0001
__pdataCOMRAM                      dataCOMRAM   0055
__pidataCOMRAM                     idataCOMRAM  3000
__psmallconst                      smallconst   0600
__ptext0                           text0        124E
__ptext1                           text1        1172
__ptext10                          text10       0F6A
__ptext11                          text11       0602
__ptext12                          text12       0A28
__ptext13                          text13       1366
__ptext14                          text14       11E0
__ptext15                          text15       132A
__ptext2                           text2        10FE
__ptext3                           text3        13C2
__ptext4                           text4        13D0
__ptext5                           text5        12EE
__ptext6                           text6        138C
__ptext7                           text7        1070
__ptext8                           text8        12A8
__ptext9                           text9        0DB6
__ramtop                           ramtop       0600
__smallconst                       smallconst   0600
_can_transmit                      text14       11E0
_delay                             text13       1366
_get_rpm                           text7        1070
_init_adc                          text6        138C
_init_can                          text5        12EE
_init_config                       text3        13C2
_init_digital_keypad               text4        13D0
_main                              text0        124E
_process_indicator                 text1        1172
_read_adc                          text8        12A8
_read_digital_keypad               text2        10FE
_set_msg_id_std                    text15       132A
can_transmit@data                  cstackCOMRAM 0007
can_transmit@i                     cstackCOMRAM 000E
can_transmit@len                   cstackCOMRAM 0008
can_transmit@msg_id                cstackCOMRAM 0005
can_transmit@ptr                   cstackCOMRAM 000C
delay@factor                       cstackCOMRAM 0001
delay@i                            cstackCOMRAM 0003
end_of_initialization              cinit        13BC
get_rpm@adc_val                    cstackCOMRAM 004D
get_rpm@rpm                        cstackCOMRAM 004F
intlevel0                          text         0000
intlevel1                          text         0000
intlevel2                          text         0000
intlevel3                          text         0000
isa$std                            (abs)        0001
isa$xinst                          (abs)        0000
main@cur_indicator                 cstackCOMRAM 0053
main@rpm                           cstackCOMRAM 0051
process_indicator@indicator_mode   bssCOMRAM    0054
process_indicator@key              cstackCOMRAM 0002
read_adc@channel                   cstackCOMRAM 0007
read_adc@reg_val                   cstackCOMRAM 0005
read_digital_keypad@detection_type cstackCOMRAM 0001
read_digital_keypad@once           dataCOMRAM   0055
set_msg_id_std@id                  cstackCOMRAM 0001
stackhi                            (abs)        0000
stacklo                            (abs)        0000
start                              init         2FFC
start_initialization               cinit        13A8


MODULE INFORMATION

Module		Function		Class		Link	Load	Size
digital_keypad.c
		_init_digital_keypad		CODE           	13D0	0000	8
		_read_digital_keypad		CODE           	10FE	0000	116

digital_keypad.c estimated size: 124

adc.c
		_init_adc      		CODE           	138C	0000	28
		_read_adc      		CODE           	12A8	0000	70

adc.c estimated size: 98

C:\Program Files\Microchip\xc8\v3.10\pic\sources\c99\common\fltol.c
		___fltol       		CODE           	0F6A	0000	262

C:\Program Files\Microchip\xc8\v3.10\pic\sources\c99\common\fltol.c estimated size: 262

C:\Program Files\Microchip\xc8\v3.10\pic\sources\c99\common\sprcmul.c
		___flmul       		CODE           	0602	0000	1062

C:\Program Files\Microchip\xc8\v3.10\pic\sources\c99\common\sprcmul.c estimated size: 1062

C:\Program Files\Microchip\xc8\v3.10\pic\sources\c99\common\xxtofl.c
		___xxtofl      		CODE           	0DB6	0000	436

C:\Program Files\Microchip\xc8\v3.10\pic\sources\c99\common\xxtofl.c estimated size: 436

C:\Program Files\Microchip\xc8\v3.10\pic\sources\c99\common\sprcdiv.c
		___fldiv       		CODE           	0A28	0000	910

C:\Program Files\Microchip\xc8\v3.10\pic\sources\c99\common\sprcdiv.c estimated size: 910

shared
		__initialization		CODE           	13A8	0000	20

shared estimated size: 20

can.c
		_set_msg_id_std		CODE           	132A	0000	60
		_can_transmit  		CODE           	11E0	0000	110
		_init_can      		CODE           	12EE	0000	60

can.c estimated size: 230

main.c
		_delay         		CODE           	1366	0000	38
		_main          		CODE           	124E	0000	90
		_process_indicator		CODE           	1172	0000	110
		_get_rpm       		CODE           	1070	0000	142
		_init_config   		CODE           	13C2	0000	14

main.c estimated size: 394

